// Jest Snapshot v1, https://goo.gl/fbAQLP

exports[`Test in <FirstApp /> component should display the <FirstApp /> component correctly 1`] = `
<Fragment>
  <h1>
    Hola, soy Goku
  </h1>
  <p>
    Mi primera aplicaci√≥n
  </p>
</Fragment>
`;
